Archive member included to satisfy reference by file (symbol)

c:/program files/systemworkbench/plugins/fr.ac6.mcu.externaltools.arm-none.win32_1.16.0.201807130628/tools/compiler/bin/../lib/gcc/arm-none-eabi/7.2.1/../../../../arm-none-eabi/lib/thumb/v7e-m/fpv4-sp/hard\libc.a(lib_a-errno.o)
                              src/syscalls.o (__errno)
c:/program files/systemworkbench/plugins/fr.ac6.mcu.externaltools.arm-none.win32_1.16.0.201807130628/tools/compiler/bin/../lib/gcc/arm-none-eabi/7.2.1/../../../../arm-none-eabi/lib/thumb/v7e-m/fpv4-sp/hard\libc.a(lib_a-exit.o)
                              c:/program files/systemworkbench/plugins/fr.ac6.mcu.externaltools.arm-none.win32_1.16.0.201807130628/tools/compiler/bin/../lib/gcc/arm-none-eabi/7.2.1/../../../../arm-none-eabi/lib/thumb/v7e-m/fpv4-sp/hard/crt0.o (exit)
c:/program files/systemworkbench/plugins/fr.ac6.mcu.externaltools.arm-none.win32_1.16.0.201807130628/tools/compiler/bin/../lib/gcc/arm-none-eabi/7.2.1/../../../../arm-none-eabi/lib/thumb/v7e-m/fpv4-sp/hard\libc.a(lib_a-impure.o)
                              c:/program files/systemworkbench/plugins/fr.ac6.mcu.externaltools.arm-none.win32_1.16.0.201807130628/tools/compiler/bin/../lib/gcc/arm-none-eabi/7.2.1/../../../../arm-none-eabi/lib/thumb/v7e-m/fpv4-sp/hard\libc.a(lib_a-exit.o) (_global_impure_ptr)
c:/program files/systemworkbench/plugins/fr.ac6.mcu.externaltools.arm-none.win32_1.16.0.201807130628/tools/compiler/bin/../lib/gcc/arm-none-eabi/7.2.1/../../../../arm-none-eabi/lib/thumb/v7e-m/fpv4-sp/hard\libc.a(lib_a-init.o)
                              c:/program files/systemworkbench/plugins/fr.ac6.mcu.externaltools.arm-none.win32_1.16.0.201807130628/tools/compiler/bin/../lib/gcc/arm-none-eabi/7.2.1/../../../../arm-none-eabi/lib/thumb/v7e-m/fpv4-sp/hard/crt0.o (__libc_init_array)
c:/program files/systemworkbench/plugins/fr.ac6.mcu.externaltools.arm-none.win32_1.16.0.201807130628/tools/compiler/bin/../lib/gcc/arm-none-eabi/7.2.1/../../../../arm-none-eabi/lib/thumb/v7e-m/fpv4-sp/hard\libc.a(lib_a-memset.o)
                              c:/program files/systemworkbench/plugins/fr.ac6.mcu.externaltools.arm-none.win32_1.16.0.201807130628/tools/compiler/bin/../lib/gcc/arm-none-eabi/7.2.1/../../../../arm-none-eabi/lib/thumb/v7e-m/fpv4-sp/hard/crt0.o (memset)
c:/program files/systemworkbench/plugins/fr.ac6.mcu.externaltools.arm-none.win32_1.16.0.201807130628/tools/compiler/bin/../lib/gcc/arm-none-eabi/7.2.1/../../../../arm-none-eabi/lib/thumb/v7e-m/fpv4-sp/hard\libc.a(lib_a-__call_atexit.o)
                              c:/program files/systemworkbench/plugins/fr.ac6.mcu.externaltools.arm-none.win32_1.16.0.201807130628/tools/compiler/bin/../lib/gcc/arm-none-eabi/7.2.1/../../../../arm-none-eabi/lib/thumb/v7e-m/fpv4-sp/hard\libc.a(lib_a-exit.o) (__call_exitprocs)
c:/program files/systemworkbench/plugins/fr.ac6.mcu.externaltools.arm-none.win32_1.16.0.201807130628/tools/compiler/bin/../lib/gcc/arm-none-eabi/7.2.1/../../../../arm-none-eabi/lib/thumb/v7e-m/fpv4-sp/hard\libc.a(lib_a-atexit.o)
                              c:/program files/systemworkbench/plugins/fr.ac6.mcu.externaltools.arm-none.win32_1.16.0.201807130628/tools/compiler/bin/../lib/gcc/arm-none-eabi/7.2.1/../../../../arm-none-eabi/lib/thumb/v7e-m/fpv4-sp/hard\libc.a(lib_a-__call_atexit.o) (atexit)
c:/program files/systemworkbench/plugins/fr.ac6.mcu.externaltools.arm-none.win32_1.16.0.201807130628/tools/compiler/bin/../lib/gcc/arm-none-eabi/7.2.1/../../../../arm-none-eabi/lib/thumb/v7e-m/fpv4-sp/hard\libc.a(lib_a-fini.o)
                              c:/program files/systemworkbench/plugins/fr.ac6.mcu.externaltools.arm-none.win32_1.16.0.201807130628/tools/compiler/bin/../lib/gcc/arm-none-eabi/7.2.1/../../../../arm-none-eabi/lib/thumb/v7e-m/fpv4-sp/hard\libc.a(lib_a-__call_atexit.o) (__libc_fini_array)
c:/program files/systemworkbench/plugins/fr.ac6.mcu.externaltools.arm-none.win32_1.16.0.201807130628/tools/compiler/bin/../lib/gcc/arm-none-eabi/7.2.1/../../../../arm-none-eabi/lib/thumb/v7e-m/fpv4-sp/hard\libc.a(lib_a-lock.o)
                              c:/program files/systemworkbench/plugins/fr.ac6.mcu.externaltools.arm-none.win32_1.16.0.201807130628/tools/compiler/bin/../lib/gcc/arm-none-eabi/7.2.1/../../../../arm-none-eabi/lib/thumb/v7e-m/fpv4-sp/hard\libc.a(lib_a-__call_atexit.o) (__retarget_lock_acquire_recursive)
c:/program files/systemworkbench/plugins/fr.ac6.mcu.externaltools.arm-none.win32_1.16.0.201807130628/tools/compiler/bin/../lib/gcc/arm-none-eabi/7.2.1/../../../../arm-none-eabi/lib/thumb/v7e-m/fpv4-sp/hard\libc.a(lib_a-__atexit.o)
                              c:/program files/systemworkbench/plugins/fr.ac6.mcu.externaltools.arm-none.win32_1.16.0.201807130628/tools/compiler/bin/../lib/gcc/arm-none-eabi/7.2.1/../../../../arm-none-eabi/lib/thumb/v7e-m/fpv4-sp/hard\libc.a(lib_a-atexit.o) (__register_exitproc)

Allocating common symbols
Common symbol       size              file

[...]
Memory Configuration

Name             Origin             Length             Attributes
FLASH            0x08000000         0x00010000         xr
RAM              0x20000000         0x00003000         xrw
CCMRAM           0x10000000         0x00001000         rw
*default*        0x00000000         0xffffffff

Linker script and memory map

LOAD c:/program files/systemworkbench/plugins/fr.ac6.mcu.externaltools.arm-none.win32_1.16.0.201807130628/tools/compiler/bin/../lib/gcc/arm-none-eabi/7.2.1/thumb/v7e-m/fpv4-sp/hard/crti.o
LOAD c:/program files/systemworkbench/plugins/fr.ac6.mcu.externaltools.arm-none.win32_1.16.0.201807130628/tools/compiler/bin/../lib/gcc/arm-none-eabi/7.2.1/thumb/v7e-m/fpv4-sp/hard/crtbegin.o
LOAD c:/program files/systemworkbench/plugins/fr.ac6.mcu.externaltools.arm-none.win32_1.16.0.201807130628/tools/compiler/bin/../lib/gcc/arm-none-eabi/7.2.1/../../../../arm-none-eabi/lib/thumb/v7e-m/fpv4-sp/hard/crt0.o
LOAD HAL_Driver/Src/stm32f3xx_hal.o
LOAD HAL_Driver/Src/stm32f3xx_hal_adc.o
LOAD HAL_Driver/Src/stm32f3xx_hal_adc_ex.o
LOAD HAL_Driver/Src/stm32f3xx_hal_cec.o
LOAD HAL_Driver/Src/stm32f3xx_hal_comp.o
LOAD HAL_Driver/Src/stm32f3xx_hal_cortex.o
LOAD HAL_Driver/Src/stm32f3xx_hal_crc.o
LOAD HAL_Driver/Src/stm32f3xx_hal_crc_ex.o
LOAD HAL_Driver/Src/stm32f3xx_hal_dac.o
LOAD HAL_Driver/Src/stm32f3xx_hal_dac_ex.o
LOAD HAL_Driver/Src/stm32f3xx_hal_dma.o
LOAD HAL_Driver/Src/stm32f3xx_hal_flash.o
LOAD HAL_Driver/Src/stm32f3xx_hal_flash_ex.o
LOAD HAL_Driver/Src/stm32f3xx_hal_gpio.o
LOAD HAL_Driver/Src/stm32f3xx_hal_hrtim.o
LOAD HAL_Driver/Src/stm32f3xx_hal_i2c.o
LOAD HAL_Driver/Src/stm32f3xx_hal_i2c_ex.o
LOAD HAL_Driver/Src/stm32f3xx_hal_i2s.o
LOAD HAL_Driver/Src/stm32f3xx_hal_i2s_ex.o
LOAD HAL_Driver/Src/stm32f3xx_hal_irda.o
LOAD HAL_Driver/Src/stm32f3xx_hal_iwdg.o
LOAD HAL_Driver/Src/stm32f3xx_hal_msp_template.o
LOAD HAL_Driver/Src/stm32f3xx_hal_nand.o
LOAD HAL_Driver/Src/stm32f3xx_hal_nor.o
LOAD HAL_Driver/Src/stm32f3xx_hal_opamp.o
LOAD HAL_Driver/Src/stm32f3xx_hal_opamp_ex.o
LOAD HAL_Driver/Src/stm32f3xx_hal_pccard.o
LOAD HAL_Driver/Src/stm32f3xx_hal_pcd.o
LOAD HAL_Driver/Src/stm32f3xx_hal_pcd_ex.o
LOAD HAL_Driver/Src/stm32f3xx_hal_pwr.o
LOAD HAL_Driver/Src/stm32f3xx_hal_pwr_ex.o
LOAD HAL_Driver/Src/stm32f3xx_hal_rcc.o
LOAD HAL_Driver/Src/stm32f3xx_hal_rcc_ex.o
LOAD HAL_Driver/Src/stm32f3xx_hal_rtc.o
LOAD HAL_Driver/Src/stm32f3xx_hal_rtc_ex.o
LOAD HAL_Driver/Src/stm32f3xx_hal_sdadc.o
LOAD HAL_Driver/Src/stm32f3xx_hal_smartcard.o
LOAD HAL_Driver/Src/stm32f3xx_hal_smartcard_ex.o
LOAD HAL_Driver/Src/stm32f3xx_hal_smbus.o
LOAD HAL_Driver/Src/stm32f3xx_hal_spi.o
LOAD HAL_Driver/Src/stm32f3xx_hal_spi_ex.o
LOAD HAL_Driver/Src/stm32f3xx_hal_sram.o
LOAD HAL_Driver/Src/stm32f3xx_hal_tim.o
LOAD HAL_Driver/Src/stm32f3xx_hal_tim_ex.o
LOAD HAL_Driver/Src/stm32f3xx_hal_tsc.o
LOAD HAL_Driver/Src/stm32f3xx_hal_uart.o
LOAD HAL_Driver/Src/stm32f3xx_hal_uart_ex.o
LOAD HAL_Driver/Src/stm32f3xx_hal_usart.o
LOAD HAL_Driver/Src/stm32f3xx_hal_wwdg.o
LOAD HAL_Driver/Src/stm32f3xx_ll_adc.o
LOAD HAL_Driver/Src/stm32f3xx_ll_comp.o
LOAD HAL_Driver/Src/stm32f3xx_ll_crc.o
LOAD HAL_Driver/Src/stm32f3xx_ll_dac.o
LOAD HAL_Driver/Src/stm32f3xx_ll_dma.o
LOAD HAL_Driver/Src/stm32f3xx_ll_exti.o
LOAD HAL_Driver/Src/stm32f3xx_ll_fmc.o
LOAD HAL_Driver/Src/stm32f3xx_ll_gpio.o
LOAD HAL_Driver/Src/stm32f3xx_ll_hrtim.o
LOAD HAL_Driver/Src/stm32f3xx_ll_i2c.o
LOAD HAL_Driver/Src/stm32f3xx_ll_opamp.o
LOAD HAL_Driver/Src/stm32f3xx_ll_pwr.o
LOAD HAL_Driver/Src/stm32f3xx_ll_rcc.o
LOAD HAL_Driver/Src/stm32f3xx_ll_rtc.o
LOAD HAL_Driver/Src/stm32f3xx_ll_spi.o
LOAD HAL_Driver/Src/stm32f3xx_ll_tim.o
LOAD HAL_Driver/Src/stm32f3xx_ll_usart.o
LOAD HAL_Driver/Src/stm32f3xx_ll_utils.o
LOAD HAL_Driver/Src/stm32f3xx_nucleo_32.o
LOAD src/GPIO_methods.o
LOAD src/main.o
LOAD src/stm32f3xx_it.o
LOAD src/syscalls.o
LOAD src/system_stm32f3xx.o
LOAD startup/startup_stm32f303x8.o
LOAD c:/program files/systemworkbench/plugins/fr.ac6.mcu.externaltools.arm-none.win32_1.16.0.201807130628/tools/compiler/bin/../lib/gcc/arm-none-eabi/7.2.1/../../../../arm-none-eabi/lib/thumb/v7e-m/fpv4-sp/hard\libm.a
START GROUP
LOAD c:/program files/systemworkbench/plugins/fr.ac6.mcu.externaltools.arm-none.win32_1.16.0.201807130628/tools/compiler/bin/../lib/gcc/arm-none-eabi/7.2.1/thumb/v7e-m/fpv4-sp/hard\libgcc.a
LOAD c:/program files/systemworkbench/plugins/fr.ac6.mcu.externaltools.arm-none.win32_1.16.0.201807130628/tools/compiler/bin/../lib/gcc/arm-none-eabi/7.2.1/../../../../arm-none-eabi/lib/thumb/v7e-m/fpv4-sp/hard\libc.a
END GROUP
LOAD c:/program files/systemworkbench/plugins/fr.ac6.mcu.externaltools.arm-none.win32_1.16.0.201807130628/tools/compiler/bin/../lib/gcc/arm-none-eabi/7.2.1/thumb/v7e-m/fpv4-sp/hard/crtend.o
LOAD c:/program files/systemworkbench/plugins/fr.ac6.mcu.externaltools.arm-none.win32_1.16.0.201807130628/tools/compiler/bin/../lib/gcc/arm-none-eabi/7.2.1/thumb/v7e-m/fpv4-sp/hard/crtn.o
                0x20003000                _estack = 0x20003000
                0x00000200                _Min_Heap_Size = 0x200
                0x00000400                _Min_Stack_Size = 0x400

.isr_vector     0x08000000      0x188
                0x08000000                . = ALIGN (0x4)
 *(.isr_vector)
 .isr_vector    0x08000000      0x188 startup/startup_stm32f303x8.o
                0x08000000                g_pfnVectors
                0x08000188                . = ALIGN (0x4)

.text           0x08000188     0x1bd4
                0x08000188                . = ALIGN (0x4)
 *(.text)
 .text          0x08000188       0x40 c:/program files/systemworkbench/plugins/fr.ac6.mcu.externaltools.arm-none.win32_1.16.0.201807130628/tools/compiler/bin/../lib/gcc/arm-none-eabi/7.2.1/thumb/v7e-m/fpv4-sp/hard/crtbegin.o
 *(.text*)
 .text.HAL_Init
                0x080001c8       0x2c HAL_Driver/Src/stm32f3xx_hal.o
                0x080001c8                HAL_Init
 .text.HAL_InitTick
                0x080001f4       0x60 HAL_Driver/Src/stm32f3xx_hal.o
                0x080001f4                HAL_InitTick
 .text.HAL_IncTick
                0x08000254       0x28 HAL_Driver/Src/stm32f3xx_hal.o
                0x08000254                HAL_IncTick
 .text.HAL_GetTick
                0x0800027c       0x18 HAL_Driver/Src/stm32f3xx_hal.o
                0x0800027c                HAL_GetTick
 .text.NVIC_SetPriorityGrouping
                0x08000294       0x48 HAL_Driver/Src/stm32f3xx_hal_cortex.o
 .text.NVIC_GetPriorityGrouping
                0x080002dc       0x1c HAL_Driver/Src/stm32f3xx_hal_cortex.o
 .text.NVIC_EnableIRQ
                0x080002f8       0x34 HAL_Driver/Src/stm32f3xx_hal_cortex.o
 .text.NVIC_SetPriority
                0x0800032c       0x54 HAL_Driver/Src/stm32f3xx_hal_cortex.o
 .text.NVIC_EncodePriority
                0x08000380       0x66 HAL_Driver/Src/stm32f3xx_hal_cortex.o
 *fill*         0x080003e6        0x2 
 .text.SysTick_Config
                0x080003e8       0x44 HAL_Driver/Src/stm32f3xx_hal_cortex.o
 .text.HAL_NVIC_SetPriorityGrouping
                0x0800042c       0x16 HAL_Driver/Src/stm32f3xx_hal_cortex.o
                0x0800042c                HAL_NVIC_SetPriorityGrouping
 .text.HAL_NVIC_SetPriority
                0x08000442       0x38 HAL_Driver/Src/stm32f3xx_hal_cortex.o
                0x08000442                HAL_NVIC_SetPriority
 .text.HAL_NVIC_EnableIRQ
                0x0800047a       0x1c HAL_Driver/Src/stm32f3xx_hal_cortex.o
                0x0800047a                HAL_NVIC_EnableIRQ
 .text.HAL_SYSTICK_Config
                0x08000496       0x18 HAL_Driver/Src/stm32f3xx_hal_cortex.o
                0x08000496                HAL_SYSTICK_Config
 .text.HAL_SYSTICK_IRQHandler
                0x080004ae        0xc HAL_Driver/Src/stm32f3xx_hal_cortex.o
                0x080004ae                HAL_SYSTICK_IRQHandler
 .text.HAL_SYSTICK_Callback
                0x080004ba        0xe HAL_Driver/Src/stm32f3xx_hal_cortex.o
                0x080004ba                HAL_SYSTICK_Callback
 .text.HAL_GPIO_Init
                0x080004c8      0x2ec HAL_Driver/Src/stm32f3xx_hal_gpio.o
                0x080004c8                HAL_GPIO_Init
 .text.HAL_GPIO_TogglePin
                0x080007b4       0x24 HAL_Driver/Src/stm32f3xx_hal_gpio.o
                0x080007b4                HAL_GPIO_TogglePin
 .text.HAL_GPIO_EXTI_IRQHandler
                0x080007d8       0x30 HAL_Driver/Src/stm32f3xx_hal_gpio.o
                0x080007d8                HAL_GPIO_EXTI_IRQHandler
 .text.HAL_MspInit
                0x08000808        0xe HAL_Driver/Src/stm32f3xx_hal_msp_template.o
                0x08000808                HAL_MspInit
 *fill*         0x08000816        0x2 
 .text.HAL_RCC_OscConfig
                0x08000818      0xddc HAL_Driver/Src/stm32f3xx_hal_rcc.o
                0x08000818                HAL_RCC_OscConfig
 .text.HAL_RCC_ClockConfig
                0x080015f4      0x2f8 HAL_Driver/Src/stm32f3xx_hal_rcc.o
                0x080015f4                HAL_RCC_ClockConfig
 .text.HAL_RCC_GetSysClockFreq
                0x080018ec       0xd4 HAL_Driver/Src/stm32f3xx_hal_rcc.o
                0x080018ec                HAL_RCC_GetSysClockFreq
 .text.SystemClock_Config
                0x080019c0       0x5a src/main.o
 *fill*         0x08001a1a        0x2 
 .text.HAL_GPIO_EXTI_Callback
                0x08001a1c       0x20 src/main.o
                0x08001a1c                HAL_GPIO_EXTI_Callback
 .text.main     0x08001a3c       0x9c src/main.o
                0x08001a3c                main
 .text.SysTick_Handler
                0x08001ad8       0x10 src/stm32f3xx_it.o
                0x08001ad8                SysTick_Handler
 .text.EXTI15_10_IRQHandler
                0x08001ae8       0x10 src/stm32f3xx_it.o
                0x08001ae8                EXTI15_10_IRQHandler
 .text.SystemInit
                0x08001af8       0x94 src/system_stm32f3xx.o
                0x08001af8                SystemInit
 .text.Reset_Handler
                0x08001b8c       0x50 startup/startup_stm32f303x8.o
                0x08001b8c                Reset_Handler
 .text.Default_Handler
                0x08001bdc        0x2 startup/startup_stm32f303x8.o
                0x08001bdc                RTC_Alarm_IRQHandler
                0x08001bdc                DebugMon_Handler
                0x08001bdc                TIM1_CC_IRQHandler
                0x08001bdc                HardFault_Handler
                0x08001bdc                PVD_IRQHandler
                0x08001bdc                TAMP_STAMP_IRQHandler
                0x08001bdc                PendSV_Handler
                0x08001bdc                NMI_Handler
                0x08001bdc                EXTI3_IRQHandler
                0x08001bdc                EXTI0_IRQHandler
                0x08001bdc                FPU_IRQHandler
                0x08001bdc                CAN_TX_IRQHandler
                0x08001bdc                TIM1_UP_TIM16_IRQHandler
                0x08001bdc                UsageFault_Handler
                0x08001bdc                ADC1_2_IRQHandler
                0x08001bdc                SPI1_IRQHandler
                0x08001bdc                CAN_SCE_IRQHandler
                0x08001bdc                DMA1_Channel4_IRQHandler
                0x08001bdc                USART3_IRQHandler
                0x08001bdc                DMA1_Channel7_IRQHandler
                0x08001bdc                TIM7_DAC2_IRQHandler
                0x08001bdc                CAN_RX1_IRQHandler
                0x08001bdc                I2C1_EV_IRQHandler
                0x08001bdc                DMA1_Channel6_IRQHandler
                0x08001bdc                TIM3_IRQHandler
                0x08001bdc                RCC_IRQHandler
                0x08001bdc                DMA1_Channel1_IRQHandler
                0x08001bdc                Default_Handler
                0x08001bdc                COMP2_IRQHandler
                0x08001bdc                TIM6_DAC1_IRQHandler
                0x08001bdc                EXTI9_5_IRQHandler
                0x08001bdc                RTC_WKUP_IRQHandler
                0x08001bdc                MemManage_Handler
                0x08001bdc                SVC_Handler
                0x08001bdc                DMA1_Channel5_IRQHandler
                0x08001bdc                EXTI4_IRQHandler
                0x08001bdc                TIM1_TRG_COM_TIM17_IRQHandler
                0x08001bdc                DMA1_Channel3_IRQHandler
                0x08001bdc                WWDG_IRQHandler
                0x08001bdc                TIM2_IRQHandler
                0x08001bdc                EXTI1_IRQHandler
                0x08001bdc                COMP4_6_IRQHandler
                0x08001bdc                USART2_IRQHandler
                0x08001bdc                DMA1_Channel2_IRQHandler
                0x08001bdc                FLASH_IRQHandler
                0x08001bdc                BusFault_Handler
                0x08001bdc                USART1_IRQHandler
                0x08001bdc                CAN_RX0_IRQHandler
                0x08001bdc                I2C1_ER_IRQHandler
                0x08001bdc                EXTI2_TSC_IRQHandler
                0x08001bdc                TIM1_BRK_TIM15_IRQHandler
 *fill*         0x08001bde        0x2 
 .text.__libc_init_array
                0x08001be0       0x48 c:/program files/systemworkbench/plugins/fr.ac6.mcu.externaltools.arm-none.win32_1.16.0.201807130628/tools/compiler/bin/../lib/gcc/arm-none-eabi/7.2.1/../../../../arm-none-eabi/lib/thumb/v7e-m/fpv4-sp/hard\libc.a(lib_a-init.o)
                0x08001be0                __libc_init_array
 .text.startup.register_fini
                0x08001c28       0x14 c:/program files/systemworkbench/plugins/fr.ac6.mcu.externaltools.arm-none.win32_1.16.0.201807130628/tools/compiler/bin/../lib/gcc/arm-none-eabi/7.2.1/../../../../arm-none-eabi/lib/thumb/v7e-m/fpv4-sp/hard\libc.a(lib_a-__call_atexit.o)
 .text.atexit   0x08001c3c        0xc c:/program files/systemworkbench/plugins/fr.ac6.mcu.externaltools.arm-none.win32_1.16.0.201807130628/tools/compiler/bin/../lib/gcc/arm-none-eabi/7.2.1/../../../../arm-none-eabi/lib/thumb/v7e-m/fpv4-sp/hard\libc.a(lib_a-atexit.o)
                0x08001c3c                atexit
 .text.__libc_fini_array
                0x08001c48       0x34 c:/program files/systemworkbench/plugins/fr.ac6.mcu.externaltools.arm-none.win32_1.16.0.201807130628/tools/compiler/bin/../lib/gcc/arm-none-eabi/7.2.1/../../../../arm-none-eabi/lib/thumb/v7e-m/fpv4-sp/hard\libc.a(lib_a-fini.o)
                0x08001c48                __libc_fini_array
 .text.__retarget_lock_acquire_recursive
                0x08001c7c        0x4 c:/program files/systemworkbench/plugins/fr.ac6.mcu.externaltools.arm-none.win32_1.16.0.201807130628/tools/compiler/bin/../lib/gcc/arm-none-eabi/7.2.1/../../../../arm-none-eabi/lib/thumb/v7e-m/fpv4-sp/hard\libc.a(lib_a-lock.o)
                0x08001c7c                __retarget_lock_acquire_recursive
 .text.__retarget_lock_release_recursive
                0x08001c80        0x4 c:/program files/systemworkbench/plugins/fr.ac6.mcu.externaltools.arm-none.win32_1.16.0.201807130628/tools/compiler/bin/../lib/gcc/arm-none-eabi/7.2.1/../../../../arm-none-eabi/lib/thumb/v7e-m/fpv4-sp/hard\libc.a(lib_a-lock.o)
                0x08001c80                __retarget_lock_release_recursive
 .text.__register_exitproc
                0x08001c84       0xc0 c:/program files/systemworkbench/plugins/fr.ac6.mcu.externaltools.arm-none.win32_1.16.0.201807130628/tools/compiler/bin/../lib/gcc/arm-none-eabi/7.2.1/../../../../arm-none-eabi/lib/thumb/v7e-m/fpv4-sp/hard\libc.a(lib_a-__atexit.o)
                0x08001c84                __register_exitproc
 *(.glue_7)
 .glue_7        0x08001d44        0x0 linker stubs
 *(.glue_7t)
 .glue_7t       0x08001d44        0x0 linker stubs
 *(.eh_frame)
 .eh_frame      0x08001d44        0x0 c:/program files/systemworkbench/plugins/fr.ac6.mcu.externaltools.arm-none.win32_1.16.0.201807130628/tools/compiler/bin/../lib/gcc/arm-none-eabi/7.2.1/thumb/v7e-m/fpv4-sp/hard/crtbegin.o
 *(.init)
 .init          0x08001d44        0x4 c:/program files/systemworkbench/plugins/fr.ac6.mcu.externaltools.arm-none.win32_1.16.0.201807130628/tools/compiler/bin/../lib/gcc/arm-none-eabi/7.2.1/thumb/v7e-m/fpv4-sp/hard/crti.o
                0x08001d44                _init
 .init          0x08001d48        0x8 c:/program files/systemworkbench/plugins/fr.ac6.mcu.externaltools.arm-none.win32_1.16.0.201807130628/tools/compiler/bin/../lib/gcc/arm-none-eabi/7.2.1/thumb/v7e-m/fpv4-sp/hard/crtn.o
 *(.fini)
 .fini          0x08001d50        0x4 c:/program files/systemworkbench/plugins/fr.ac6.mcu.externaltools.arm-none.win32_1.16.0.201807130628/tools/compiler/bin/../lib/gcc/arm-none-eabi/7.2.1/thumb/v7e-m/fpv4-sp/hard/crti.o
                0x08001d50                _fini
 .fini          0x08001d54        0x8 c:/program files/systemworkbench/plugins/fr.ac6.mcu.externaltools.arm-none.win32_1.16.0.201807130628/tools/compiler/bin/../lib/gcc/arm-none-eabi/7.2.1/thumb/v7e-m/fpv4-sp/hard/crtn.o
                0x08001d5c                . = ALIGN (0x4)
                0x08001d5c                _etext = .

.vfp11_veneer   0x08001d5c        0x0
 .vfp11_veneer  0x08001d5c        0x0 linker stubs

.v4_bx          0x08001d5c        0x0
 .v4_bx         0x08001d5c        0x0 linker stubs

.iplt           0x08001d5c        0x0
 .iplt          0x08001d5c        0x0 c:/program files/systemworkbench/plugins/fr.ac6.mcu.externaltools.arm-none.win32_1.16.0.201807130628/tools/compiler/bin/../lib/gcc/arm-none-eabi/7.2.1/thumb/v7e-m/fpv4-sp/hard/crtbegin.o

.rodata         0x08001d5c       0x3c
                0x08001d5c                . = ALIGN (0x4)
 *(.rodata)
 .rodata        0x08001d5c       0x20 HAL_Driver/Src/stm32f3xx_hal_rcc.o
                0x08001d5c                aPLLMULFactorTable
                0x08001d6c                aPredivFactorTable
 .rodata        0x08001d7c       0x18 src/system_stm32f3xx.o
                0x08001d7c                AHBPrescTable
                0x08001d8c                APBPrescTable
 *(.rodata*)
 .rodata._global_impure_ptr
                0x08001d94        0x4 c:/program files/systemworkbench/plugins/fr.ac6.mcu.externaltools.arm-none.win32_1.16.0.201807130628/tools/compiler/bin/../lib/gcc/arm-none-eabi/7.2.1/../../../../arm-none-eabi/lib/thumb/v7e-m/fpv4-sp/hard\libc.a(lib_a-impure.o)
                0x08001d94                _global_impure_ptr
                0x08001d98                . = ALIGN (0x4)

.rel.dyn        0x08001d98        0x0
 .rel.iplt      0x08001d98        0x0 c:/program files/systemworkbench/plugins/fr.ac6.mcu.externaltools.arm-none.win32_1.16.0.201807130628/tools/compiler/bin/../lib/gcc/arm-none-eabi/7.2.1/thumb/v7e-m/fpv4-sp/hard/crtbegin.o

.ARM.extab
 *(.ARM.extab* .gnu.linkonce.armextab.*)

.ARM            0x08001d98        0x0
                0x08001d98                __exidx_start = .
 *(.ARM.exidx*)
                0x08001d98                __exidx_end = .

.preinit_array  0x08001d98        0x0
                0x08001d98                PROVIDE (__preinit_array_start, .)
 *(.preinit_array*)
                0x08001d98                PROVIDE (__preinit_array_end, .)

.init_array     0x08001d98        0x8
                0x08001d98                PROVIDE (__init_array_start, .)
 *(SORT_BY_NAME(.init_array.*))
 .init_array.00000
                0x08001d98        0x4 c:/program files/systemworkbench/plugins/fr.ac6.mcu.externaltools.arm-none.win32_1.16.0.201807130628/tools/compiler/bin/../lib/gcc/arm-none-eabi/7.2.1/../../../../arm-none-eabi/lib/thumb/v7e-m/fpv4-sp/hard\libc.a(lib_a-__call_atexit.o)
 *(.init_array*)
 .init_array    0x08001d9c        0x4 c:/program files/systemworkbench/plugins/fr.ac6.mcu.externaltools.arm-none.win32_1.16.0.201807130628/tools/compiler/bin/../lib/gcc/arm-none-eabi/7.2.1/thumb/v7e-m/fpv4-sp/hard/crtbegin.o
                0x08001da0                PROVIDE (__init_array_end, .)

.fini_array     0x08001da0        0x4
                0x08001da0                PROVIDE (__fini_array_start, .)
 *(SORT_BY_NAME(.fini_array.*))
 *(.fini_array*)
 .fini_array    0x08001da0        0x4 c:/program files/systemworkbench/plugins/fr.ac6.mcu.externaltools.arm-none.win32_1.16.0.201807130628/tools/compiler/bin/../lib/gcc/arm-none-eabi/7.2.1/thumb/v7e-m/fpv4-sp/hard/crtbegin.o
                0x08001da4                PROVIDE (__fini_array_end, .)
                0x08001da4                _sidata = LOADADDR (.data)

.data           0x20000000      0x43c load address 0x08001da4
                0x20000000                . = ALIGN (0x4)
                0x20000000                _sdata = .
 *(.data)
 .data          0x20000000        0x5 HAL_Driver/Src/stm32f3xx_hal.o
                0x20000000                uwTickPrio
                0x20000004                uwTickFreq
 *fill*         0x20000005        0x3 
 .data          0x20000008        0x4 src/system_stm32f3xx.o
                0x20000008                SystemCoreClock
 *(.data*)
 *fill*         0x2000000c        0x4 
 .data.impure_data
                0x20000010      0x428 c:/program files/systemworkbench/plugins/fr.ac6.mcu.externaltools.arm-none.win32_1.16.0.201807130628/tools/compiler/bin/../lib/gcc/arm-none-eabi/7.2.1/../../../../arm-none-eabi/lib/thumb/v7e-m/fpv4-sp/hard\libc.a(lib_a-impure.o)
 .data.__atexit_recursive_mutex
                0x20000438        0x4 c:/program files/systemworkbench/plugins/fr.ac6.mcu.externaltools.arm-none.win32_1.16.0.201807130628/tools/compiler/bin/../lib/gcc/arm-none-eabi/7.2.1/../../../../arm-none-eabi/lib/thumb/v7e-m/fpv4-sp/hard\libc.a(lib_a-__call_atexit.o)
                0x20000438                __atexit_recursive_mutex
                0x2000043c                . = ALIGN (0x4)
                0x2000043c                _edata = .
                0x080021e0                _siccmram = LOADADDR (.ccmram)

.igot.plt       0x2000043c        0x0 load address 0x080021e0
 .igot.plt      0x2000043c        0x0 c:/program files/systemworkbench/plugins/fr.ac6.mcu.externaltools.arm-none.win32_1.16.0.201807130628/tools/compiler/bin/../lib/gcc/arm-none-eabi/7.2.1/thumb/v7e-m/fpv4-sp/hard/crtbegin.o

.ccmram         0x10000000        0x0 load address 0x080021e0
                0x10000000                . = ALIGN (0x4)
                0x10000000                _sccmram = .
 *(.ccmram)
 *(.ccmram*)
                0x10000000                . = ALIGN (0x4)
                0x10000000                _eccmram = .
                0x10000000                . = ALIGN (0x4)

.bss            0x2000043c       0x94
                0x2000043c                _sbss = .
                0x2000043c                __bss_start__ = _sbss
 *(.bss)
 .bss           0x2000043c       0x1c c:/program files/systemworkbench/plugins/fr.ac6.mcu.externaltools.arm-none.win32_1.16.0.201807130628/tools/compiler/bin/../lib/gcc/arm-none-eabi/7.2.1/thumb/v7e-m/fpv4-sp/hard/crtbegin.o
 .bss           0x20000458       0x50 src/main.o
 *(.bss*)
 *(COMMON)
 COMMON         0x200004a8        0x4 HAL_Driver/Src/stm32f3xx_hal.o
                0x200004a8                uwTick
 COMMON         0x200004ac       0x21 c:/program files/systemworkbench/plugins/fr.ac6.mcu.externaltools.arm-none.win32_1.16.0.201807130628/tools/compiler/bin/../lib/gcc/arm-none-eabi/7.2.1/../../../../arm-none-eabi/lib/thumb/v7e-m/fpv4-sp/hard\libc.a(lib_a-lock.o)
                0x200004ac                __lock___atexit_recursive_mutex
                0x200004b0                __lock___arc4random_mutex
                0x200004b4                __lock___env_recursive_mutex
                0x200004b8                __lock___sinit_recursive_mutex
                0x200004bc                __lock___malloc_recursive_mutex
                0x200004c0                __lock___at_quick_exit_mutex
                0x200004c4                __lock___dd_hash_mutex
                0x200004c8                __lock___tz_mutex
                0x200004cc                __lock___sfp_recursive_mutex
                0x200004d0                . = ALIGN (0x4)
 *fill*         0x200004cd        0x3 
                0x200004d0                _ebss = .
                0x200004d0                __bss_end__ = _ebss

._user_heap_stack
                0x200004d0      0x600
                0x200004d0                . = ALIGN (0x8)
                0x200004d0                PROVIDE (end, .)
                [!provide]                PROVIDE (_end, .)
                0x200006d0                . = (. + _Min_Heap_Size)
 *fill*         0x200004d0      0x200 
                0x20000ad0                . = (. + _Min_Stack_Size)
 *fill*         0x200006d0      0x400 
                0x20000ad0                . = ALIGN (0x8)

/DISCARD/
 libc.a(*)
 libm.a(*)
 libgcc.a(*)

.ARM.attributes
                0x00000000       0x30
 *(.ARM.attributes)
 .ARM.attributes
                0x00000000       0x22 c:/program files/systemworkbench/plugins/fr.ac6.mcu.externaltools.arm-none.win32_1.16.0.201807130628/tools/compiler/bin/../lib/gcc/arm-none-eabi/7.2.1/thumb/v7e-m/fpv4-sp/hard/crti.o
 .ARM.attributes
                0x00000022       0x34 c:/program files/systemworkbench/plugins/fr.ac6.mcu.externaltools.arm-none.win32_1.16.0.201807130628/tools/compiler/bin/../lib/gcc/arm-none-eabi/7.2.1/thumb/v7e-m/fpv4-sp/hard/crtbegin.o
 .ARM.attributes
                0x00000056       0x39 HAL_Driver/Src/stm32f3xx_hal.o
 .ARM.attributes
                0x0000008f       0x39 HAL_Driver/Src/stm32f3xx_hal_cortex.o
 .ARM.attributes
                0x000000c8       0x39 HAL_Driver/Src/stm32f3xx_hal_gpio.o
 .ARM.attributes
                0x00000101       0x39 HAL_Driver/Src/stm32f3xx_hal_msp_template.o
 .ARM.attributes
                0x0000013a       0x39 HAL_Driver/Src/stm32f3xx_hal_rcc.o
 .ARM.attributes
                0x00000173       0x39 src/main.o
 .ARM.attributes
                0x000001ac       0x39 src/stm32f3xx_it.o
 .ARM.attributes
                0x000001e5       0x39 src/system_stm32f3xx.o
 .ARM.attributes
                0x0000021e       0x21 startup/startup_stm32f303x8.o
 .ARM.attributes
                0x0000023f       0x34 c:/program files/systemworkbench/plugins/fr.ac6.mcu.externaltools.arm-none.win32_1.16.0.201807130628/tools/compiler/bin/../lib/gcc/arm-none-eabi/7.2.1/../../../../arm-none-eabi/lib/thumb/v7e-m/fpv4-sp/hard\libc.a(lib_a-impure.o)
 .ARM.attributes
                0x00000273       0x34 c:/program files/systemworkbench/plugins/fr.ac6.mcu.externaltools.arm-none.win32_1.16.0.201807130628/tools/compiler/bin/../lib/gcc/arm-none-eabi/7.2.1/../../../../arm-none-eabi/lib/thumb/v7e-m/fpv4-sp/hard\libc.a(lib_a-init.o)
 .ARM.attributes
                0x000002a7       0x34 c:/program files/systemworkbench/plugins/fr.ac6.mcu.externaltools.arm-none.win32_1.16.0.201807130628/tools/compiler/bin/../lib/gcc/arm-none-eabi/7.2.1/../../../../arm-none-eabi/lib/thumb/v7e-m/fpv4-sp/hard\libc.a(lib_a-__call_atexit.o)
 .ARM.attributes
                0x000002db       0x34 c:/program files/systemworkbench/plugins/fr.ac6.mcu.externaltools.arm-none.win32_1.16.0.201807130628/tools/compiler/bin/../lib/gcc/arm-none-eabi/7.2.1/../../../../arm-none-eabi/lib/thumb/v7e-m/fpv4-sp/hard\libc.a(lib_a-atexit.o)
 .ARM.attributes
                0x0000030f       0x34 c:/program files/systemworkbench/plugins/fr.ac6.mcu.externaltools.arm-none.win32_1.16.0.201807130628/tools/compiler/bin/../lib/gcc/arm-none-eabi/7.2.1/../../../../arm-none-eabi/lib/thumb/v7e-m/fpv4-sp/hard\libc.a(lib_a-fini.o)
 .ARM.attributes
                0x00000343       0x34 c:/program files/systemworkbench/plugins/fr.ac6.mcu.externaltools.arm-none.win32_1.16.0.201807130628/tools/compiler/bin/../lib/gcc/arm-none-eabi/7.2.1/../../../../arm-none-eabi/lib/thumb/v7e-m/fpv4-sp/hard\libc.a(lib_a-lock.o)
 .ARM.attributes
                0x00000377       0x34 c:/program files/systemworkbench/plugins/fr.ac6.mcu.externaltools.arm-none.win32_1.16.0.201807130628/tools/compiler/bin/../lib/gcc/arm-none-eabi/7.2.1/../../../../arm-none-eabi/lib/thumb/v7e-m/fpv4-sp/hard\libc.a(lib_a-__atexit.o)
 .ARM.attributes
                0x000003ab       0x22 c:/program files/systemworkbench/plugins/fr.ac6.mcu.externaltools.arm-none.win32_1.16.0.201807130628/tools/compiler/bin/../lib/gcc/arm-none-eabi/7.2.1/thumb/v7e-m/fpv4-sp/hard/crtn.o
OUTPUT(STM32_F303K8_01_Blink.elf elf32-littlearm)

.debug_info     0x00000000     0x82f8
 .debug_info    0x00000000      0xf6b HAL_Driver/Src/stm32f3xx_hal.o
 .debug_info    0x00000f6b     0x1369 HAL_Driver/Src/stm32f3xx_hal_cortex.o
 .debug_info    0x000022d4      0xfef HAL_Driver/Src/stm32f3xx_hal_gpio.o
 .debug_info    0x000032c3      0x9da HAL_Driver/Src/stm32f3xx_hal_msp_template.o
 .debug_info    0x00003c9d     0x200d HAL_Driver/Src/stm32f3xx_hal_rcc.o
 .debug_info    0x00005caa      0xfe0 src/main.o
 .debug_info    0x00006c8a      0x9ce src/stm32f3xx_it.o
 .debug_info    0x00007658      0xc7e src/system_stm32f3xx.o
 .debug_info    0x000082d6       0x22 startup/startup_stm32f303x8.o

.debug_abbrev   0x00000000     0x141a
 .debug_abbrev  0x00000000      0x2bb HAL_Driver/Src/stm32f3xx_hal.o
 .debug_abbrev  0x000002bb      0x362 HAL_Driver/Src/stm32f3xx_hal_cortex.o
 .debug_abbrev  0x0000061d      0x289 HAL_Driver/Src/stm32f3xx_hal_gpio.o
 .debug_abbrev  0x000008a6      0x1cb HAL_Driver/Src/stm32f3xx_hal_msp_template.o
 .debug_abbrev  0x00000a71      0x34c HAL_Driver/Src/stm32f3xx_hal_rcc.o
 .debug_abbrev  0x00000dbd      0x261 src/main.o
 .debug_abbrev  0x0000101e      0x1cb src/stm32f3xx_it.o
 .debug_abbrev  0x000011e9      0x21f src/system_stm32f3xx.o
 .debug_abbrev  0x00001408       0x12 startup/startup_stm32f303x8.o

.debug_aranges  0x00000000      0x3c8
 .debug_aranges
                0x00000000       0xe0 HAL_Driver/Src/stm32f3xx_hal.o
 .debug_aranges
                0x000000e0      0x100 HAL_Driver/Src/stm32f3xx_hal_cortex.o
 .debug_aranges
                0x000001e0       0x58 HAL_Driver/Src/stm32f3xx_hal_gpio.o
 .debug_aranges
                0x00000238       0x38 HAL_Driver/Src/stm32f3xx_hal_msp_template.o
 .debug_aranges
                0x00000270       0x88 HAL_Driver/Src/stm32f3xx_hal_rcc.o
 .debug_aranges
                0x000002f8       0x58 src/main.o
 .debug_aranges
                0x00000350       0x28 src/stm32f3xx_it.o
 .debug_aranges
                0x00000378       0x28 src/system_stm32f3xx.o
 .debug_aranges
                0x000003a0       0x28 startup/startup_stm32f303x8.o

.debug_ranges   0x00000000      0x340
 .debug_ranges  0x00000000       0xd0 HAL_Driver/Src/stm32f3xx_hal.o
 .debug_ranges  0x000000d0       0xf0 HAL_Driver/Src/stm32f3xx_hal_cortex.o
 .debug_ranges  0x000001c0       0x48 HAL_Driver/Src/stm32f3xx_hal_gpio.o
 .debug_ranges  0x00000208       0x28 HAL_Driver/Src/stm32f3xx_hal_msp_template.o
 .debug_ranges  0x00000230       0x78 HAL_Driver/Src/stm32f3xx_hal_rcc.o
 .debug_ranges  0x000002a8       0x48 src/main.o
 .debug_ranges  0x000002f0       0x18 src/stm32f3xx_it.o
 .debug_ranges  0x00000308       0x18 src/system_stm32f3xx.o
 .debug_ranges  0x00000320       0x20 startup/startup_stm32f303x8.o

.debug_macro    0x00000000    0x1b663
 .debug_macro   0x00000000      0x4a9 HAL_Driver/Src/stm32f3xx_hal.o
 .debug_macro   0x000004a9      0xa78 HAL_Driver/Src/stm32f3xx_hal.o
 .debug_macro   0x00000f21      0x13a HAL_Driver/Src/stm32f3xx_hal.o
 .debug_macro   0x0000105b       0x29 HAL_Driver/Src/stm32f3xx_hal.o
 .debug_macro   0x00001084       0x28 HAL_Driver/Src/stm32f3xx_hal.o
 .debug_macro   0x000010ac       0x22 HAL_Driver/Src/stm32f3xx_hal.o
 .debug_macro   0x000010ce       0x87 HAL_Driver/Src/stm32f3xx_hal.o
 .debug_macro   0x00001155       0x51 HAL_Driver/Src/stm32f3xx_hal.o
 .debug_macro   0x000011a6       0xef HAL_Driver/Src/stm32f3xx_hal.o
 .debug_macro   0x00001295       0x6a HAL_Driver/Src/stm32f3xx_hal.o
 .debug_macro   0x000012ff      0x1df HAL_Driver/Src/stm32f3xx_hal.o
 .debug_macro   0x000014de       0x35 HAL_Driver/Src/stm32f3xx_hal.o
 .debug_macro   0x00001513       0x50 HAL_Driver/Src/stm32f3xx_hal.o
 .debug_macro   0x00001563      0xd40 HAL_Driver/Src/stm32f3xx_hal.o
 .debug_macro   0x000022a3    0x10bf5 HAL_Driver/Src/stm32f3xx_hal.o
 .debug_macro   0x00012e98       0x43 HAL_Driver/Src/stm32f3xx_hal.o
 .debug_macro   0x00012edb       0x58 HAL_Driver/Src/stm32f3xx_hal.o
 .debug_macro   0x00012f33       0x17 HAL_Driver/Src/stm32f3xx_hal.o
 .debug_macro   0x00012f4a       0x35 HAL_Driver/Src/stm32f3xx_hal.o
 .debug_macro   0x00012f7f       0x9c HAL_Driver/Src/stm32f3xx_hal.o
 .debug_macro   0x0001301b       0x16 HAL_Driver/Src/stm32f3xx_hal.o
 .debug_macro   0x00013031       0x97 HAL_Driver/Src/stm32f3xx_hal.o
 .debug_macro   0x000130c8      0x330 HAL_Driver/Src/stm32f3xx_hal.o
 .debug_macro   0x000133f8       0xfd HAL_Driver/Src/stm32f3xx_hal.o
 .debug_macro   0x000134f5       0x10 HAL_Driver/Src/stm32f3xx_hal.o
 .debug_macro   0x00013505       0x58 HAL_Driver/Src/stm32f3xx_hal.o
 .debug_macro   0x0001355d       0x1f HAL_Driver/Src/stm32f3xx_hal.o
 .debug_macro   0x0001357c       0x43 HAL_Driver/Src/stm32f3xx_hal.o
 .debug_macro   0x000135bf       0x20 HAL_Driver/Src/stm32f3xx_hal.o
 .debug_macro   0x000135df      0x18e HAL_Driver/Src/stm32f3xx_hal.o
 .debug_macro   0x0001376d       0x10 HAL_Driver/Src/stm32f3xx_hal.o
 .debug_macro   0x0001377d       0x1c HAL_Driver/Src/stm32f3xx_hal.o
 .debug_macro   0x00013799       0x52 HAL_Driver/Src/stm32f3xx_hal.o
 .debug_macro   0x000137eb       0x40 HAL_Driver/Src/stm32f3xx_hal.o
 .debug_macro   0x0001382b       0x10 HAL_Driver/Src/stm32f3xx_hal.o
 .debug_macro   0x0001383b       0x40 HAL_Driver/Src/stm32f3xx_hal.o
 .debug_macro   0x0001387b       0xd7 HAL_Driver/Src/stm32f3xx_hal.o
 .debug_macro   0x00013952       0x1c HAL_Driver/Src/stm32f3xx_hal.o
 .debug_macro   0x0001396e       0x3d HAL_Driver/Src/stm32f3xx_hal.o
 .debug_macro   0x000139ab       0x16 HAL_Driver/Src/stm32f3xx_hal.o
 .debug_macro   0x000139c1      0x16f HAL_Driver/Src/stm32f3xx_hal.o
 .debug_macro   0x00013b30       0x50 HAL_Driver/Src/stm32f3xx_hal.o
 .debug_macro   0x00013b80      0x8ff HAL_Driver/Src/stm32f3xx_hal.o
 .debug_macro   0x0001447f      0x304 HAL_Driver/Src/stm32f3xx_hal.o
 .debug_macro   0x00014783      0x13a HAL_Driver/Src/stm32f3xx_hal.o
 .debug_macro   0x000148bd      0x11b HAL_Driver/Src/stm32f3xx_hal.o
 .debug_macro   0x000149d8      0x1bc HAL_Driver/Src/stm32f3xx_hal.o
 .debug_macro   0x00014b94       0x34 HAL_Driver/Src/stm32f3xx_hal.o
 .debug_macro   0x00014bc8       0x3c HAL_Driver/Src/stm32f3xx_hal.o
 .debug_macro   0x00014c04       0x57 HAL_Driver/Src/stm32f3xx_hal.o
 .debug_macro   0x00014c5b      0x884 HAL_Driver/Src/stm32f3xx_hal.o
 .debug_macro   0x000154df       0x77 HAL_Driver/Src/stm32f3xx_hal.o
 .debug_macro   0x00015556      0x40f HAL_Driver/Src/stm32f3xx_hal.o
 .debug_macro   0x00015965       0x65 HAL_Driver/Src/stm32f3xx_hal.o
 .debug_macro   0x000159ca      0x340 HAL_Driver/Src/stm32f3xx_hal.o
 .debug_macro   0x00015d0a       0x12 HAL_Driver/Src/stm32f3xx_hal.o
 .debug_macro   0x00015d1c       0xc7 HAL_Driver/Src/stm32f3xx_hal.o
 .debug_macro   0x00015de3       0x4d HAL_Driver/Src/stm32f3xx_hal.o
 .debug_macro   0x00015e30       0x12 HAL_Driver/Src/stm32f3xx_hal.o
 .debug_macro   0x00015e42      0x187 HAL_Driver/Src/stm32f3xx_hal.o
 .debug_macro   0x00015fc9       0x5e HAL_Driver/Src/stm32f3xx_hal.o
 .debug_macro   0x00016027       0xcb HAL_Driver/Src/stm32f3xx_hal.o
 .debug_macro   0x000160f2      0x1a0 HAL_Driver/Src/stm32f3xx_hal.o
 .debug_macro   0x00016292      0x209 HAL_Driver/Src/stm32f3xx_hal.o
 .debug_macro   0x0001649b       0x5b HAL_Driver/Src/stm32f3xx_hal.o
 .debug_macro   0x000164f6       0x90 HAL_Driver/Src/stm32f3xx_hal.o
 .debug_macro   0x00016586      0x264 HAL_Driver/Src/stm32f3xx_hal.o
 .debug_macro   0x000167ea       0x2b HAL_Driver/Src/stm32f3xx_hal.o
 .debug_macro   0x00016815       0x87 HAL_Driver/Src/stm32f3xx_hal.o
 .debug_macro   0x0001689c      0x17d HAL_Driver/Src/stm32f3xx_hal.o
 .debug_macro   0x00016a19       0x82 HAL_Driver/Src/stm32f3xx_hal.o
 .debug_macro   0x00016a9b       0xd3 HAL_Driver/Src/stm32f3xx_hal.o
 .debug_macro   0x00016b6e      0x2fe HAL_Driver/Src/stm32f3xx_hal.o
 .debug_macro   0x00016e6c      0x388 HAL_Driver/Src/stm32f3xx_hal.o
 .debug_macro   0x000171f4       0xeb HAL_Driver/Src/stm32f3xx_hal.o
 .debug_macro   0x000172df      0x391 HAL_Driver/Src/stm32f3xx_hal.o
 .debug_macro   0x00017670       0x10 HAL_Driver/Src/stm32f3xx_hal.o
 .debug_macro   0x00017680      0x356 HAL_Driver/Src/stm32f3xx_hal.o
 .debug_macro   0x000179d6      0x2e9 HAL_Driver/Src/stm32f3xx_hal.o
 .debug_macro   0x00017cbf      0x6af HAL_Driver/Src/stm32f3xx_hal.o
 .debug_macro   0x0001836e      0x328 HAL_Driver/Src/stm32f3xx_hal.o
 .debug_macro   0x00018696      0x46a HAL_Driver/Src/stm32f3xx_hal.o
 .debug_macro   0x00018b00      0x566 HAL_Driver/Src/stm32f3xx_hal.o
 .debug_macro   0x00019066       0x31 HAL_Driver/Src/stm32f3xx_hal.o
 .debug_macro   0x00019097      0x25d HAL_Driver/Src/stm32f3xx_hal.o
 .debug_macro   0x000192f4       0x2a HAL_Driver/Src/stm32f3xx_hal.o
 .debug_macro   0x0001931e       0x89 HAL_Driver/Src/stm32f3xx_hal.o
 .debug_macro   0x000193a7      0x28c HAL_Driver/Src/stm32f3xx_hal.o
 .debug_macro   0x00019633      0x485 HAL_Driver/Src/stm32f3xx_hal_cortex.o
 .debug_macro   0x00019ab8      0x4bd HAL_Driver/Src/stm32f3xx_hal_gpio.o
 .debug_macro   0x00019f75      0x485 HAL_Driver/Src/stm32f3xx_hal_msp_template.o
 .debug_macro   0x0001a3fa      0x4a9 HAL_Driver/Src/stm32f3xx_hal_rcc.o
 .debug_macro   0x0001a8a3      0x4a6 src/main.o
 .debug_macro   0x0001ad49      0x48f src/stm32f3xx_it.o
 .debug_macro   0x0001b1d8      0x48b src/system_stm32f3xx.o

.debug_line     0x00000000     0x68b2
 .debug_line    0x00000000      0xcf0 HAL_Driver/Src/stm32f3xx_hal.o
 .debug_line    0x00000cf0      0xdbc HAL_Driver/Src/stm32f3xx_hal_cortex.o
 .debug_line    0x00001aac      0xc93 HAL_Driver/Src/stm32f3xx_hal_gpio.o
 .debug_line    0x0000273f      0xb60 HAL_Driver/Src/stm32f3xx_hal_msp_template.o
 .debug_line    0x0000329f     0x124a HAL_Driver/Src/stm32f3xx_hal_rcc.o
 .debug_line    0x000044e9      0xc68 src/main.o
 .debug_line    0x00005151      0xb97 src/stm32f3xx_it.o
 .debug_line    0x00005ce8      0xb4b src/system_stm32f3xx.o
 .debug_line    0x00006833       0x7f startup/startup_stm32f303x8.o

.debug_str      0x00000000    0xa5fd6
 .debug_str     0x00000000    0xa503e HAL_Driver/Src/stm32f3xx_hal.o
                              0xa5342 (size before relaxing)
 .debug_str     0x000a503e      0x314 HAL_Driver/Src/stm32f3xx_hal_cortex.o
                              0xa531a (size before relaxing)
 .debug_str     0x000a5352      0x2fb HAL_Driver/Src/stm32f3xx_hal_gpio.o
                              0xa4fdf (size before relaxing)
 .debug_str     0x000a564d       0x51 HAL_Driver/Src/stm32f3xx_hal_msp_template.o
                              0xa4c6e (size before relaxing)
 .debug_str     0x000a569e      0x3fb HAL_Driver/Src/stm32f3xx_hal_rcc.o
                              0xa5150 (size before relaxing)
 .debug_str     0x000a5a99      0x3f2 src/main.o
                              0xa5516 (size before relaxing)
 .debug_str     0x000a5e8b       0x4d src/stm32f3xx_it.o
                              0xa4c64 (size before relaxing)
 .debug_str     0x000a5ed8       0x6e src/system_stm32f3xx.o
                              0xa4d22 (size before relaxing)
 .debug_str     0x000a5f46       0x90 startup/startup_stm32f303x8.o

.comment        0x00000000       0x7e
 .comment       0x00000000       0x7e HAL_Driver/Src/stm32f3xx_hal.o
                                 0x7f (size before relaxing)
 .comment       0x0000007e       0x7f HAL_Driver/Src/stm32f3xx_hal_cortex.o
 .comment       0x0000007e       0x7f HAL_Driver/Src/stm32f3xx_hal_gpio.o
 .comment       0x0000007e       0x7f HAL_Driver/Src/stm32f3xx_hal_msp_template.o
 .comment       0x0000007e       0x7f HAL_Driver/Src/stm32f3xx_hal_rcc.o
 .comment       0x0000007e       0x7f src/main.o
 .comment       0x0000007e       0x7f src/stm32f3xx_it.o
 .comment       0x0000007e       0x7f src/system_stm32f3xx.o

.debug_frame    0x00000000      0xed4
 .debug_frame   0x00000000      0x334 HAL_Driver/Src/stm32f3xx_hal.o
 .debug_frame   0x00000334      0x428 HAL_Driver/Src/stm32f3xx_hal_cortex.o
 .debug_frame   0x0000075c      0x14c HAL_Driver/Src/stm32f3xx_hal_gpio.o
 .debug_frame   0x000008a8       0x90 HAL_Driver/Src/stm32f3xx_hal_msp_template.o
 .debug_frame   0x00000938      0x214 HAL_Driver/Src/stm32f3xx_hal_rcc.o
 .debug_frame   0x00000b4c      0x128 src/main.o
 .debug_frame   0x00000c74       0x48 src/stm32f3xx_it.o
 .debug_frame   0x00000cbc       0x58 src/system_stm32f3xx.o
 .debug_frame   0x00000d14       0x2c c:/program files/systemworkbench/plugins/fr.ac6.mcu.externaltools.arm-none.win32_1.16.0.201807130628/tools/compiler/bin/../lib/gcc/arm-none-eabi/7.2.1/../../../../arm-none-eabi/lib/thumb/v7e-m/fpv4-sp/hard\libc.a(lib_a-init.o)
 .debug_frame   0x00000d40       0x5c c:/program files/systemworkbench/plugins/fr.ac6.mcu.externaltools.arm-none.win32_1.16.0.201807130628/tools/compiler/bin/../lib/gcc/arm-none-eabi/7.2.1/../../../../arm-none-eabi/lib/thumb/v7e-m/fpv4-sp/hard\libc.a(lib_a-__call_atexit.o)
 .debug_frame   0x00000d9c       0x20 c:/program files/systemworkbench/plugins/fr.ac6.mcu.externaltools.arm-none.win32_1.16.0.201807130628/tools/compiler/bin/../lib/gcc/arm-none-eabi/7.2.1/../../../../arm-none-eabi/lib/thumb/v7e-m/fpv4-sp/hard\libc.a(lib_a-atexit.o)
 .debug_frame   0x00000dbc       0x34 c:/program files/systemworkbench/plugins/fr.ac6.mcu.externaltools.arm-none.win32_1.16.0.201807130628/tools/compiler/bin/../lib/gcc/arm-none-eabi/7.2.1/../../../../arm-none-eabi/lib/thumb/v7e-m/fpv4-sp/hard\libc.a(lib_a-fini.o)
 .debug_frame   0x00000df0       0xb0 c:/program files/systemworkbench/plugins/fr.ac6.mcu.externaltools.arm-none.win32_1.16.0.201807130628/tools/compiler/bin/../lib/gcc/arm-none-eabi/7.2.1/../../../../arm-none-eabi/lib/thumb/v7e-m/fpv4-sp/hard\libc.a(lib_a-lock.o)
 .debug_frame   0x00000ea0       0x34 c:/program files/systemworkbench/plugins/fr.ac6.mcu.externaltools.arm-none.win32_1.16.0.201807130628/tools/compiler/bin/../lib/gcc/arm-none-eabi/7.2.1/../../../../arm-none-eabi/lib/thumb/v7e-m/fpv4-sp/hard\libc.a(lib_a-__atexit.o)
